2025-05-26 18:21:54,656 - INFO - [2025-05-26 18:21:54] 날씨 API 호출: 날씨(521바이트) + 대기오염(192바이트) = 총 713바이트
2025-05-26 18:23:23,796 - INFO - [2025-05-26 18:23:23] 문화행사API-강남구 호출: 343079바이트 (총 300개 중 강남구 11개 필터링)
2025-05-26 18:24:53,791 - INFO - [2025-05-26 18:24:53] 문화행사API-서초구 호출: 343079바이트 (총 300개 중 서초구 44개 필터링)
2025-05-26 18:27:54,723 - INFO - [2025-05-26 18:27:54] 날씨 API 호출: 날씨(511바이트) + 대기오염(192바이트) = 총 703바이트
2025-05-26 18:27:54,724 - INFO - 
===== 데이터 사용량 예측 =====
현재까지 측정: 671.46KB (4회 호출)
시간당: 6.54MB
일간: 157.06MB
월간: 4711.73MB
===========================

2025-05-26 18:29:23,785 - INFO - [2025-05-26 18:29:23] 문화행사API-강남구 호출: 343079바이트 (총 300개 중 강남구 11개 필터링)
2025-05-26 18:29:23,791 - INFO - 
===== 데이터 사용량 예측 =====
현재까지 측정: 1006.50KB (5회 호출)
시간당: 7.87MB
일간: 188.81MB
월간: 5664.24MB
===========================

2025-05-26 18:30:53,770 - INFO - [2025-05-26 18:30:53] 문화행사API-서초구 호출: 343079바이트 (총 300개 중 서초구 44개 필터링)
2025-05-26 18:30:53,772 - INFO - 
===== 데이터 사용량 예측 =====
현재까지 측정: 1341.54KB (6회 호출)
시간당: 8.74MB
일간: 209.70MB
월간: 6291.11MB
===========================

2025-05-26 18:33:54,702 - INFO - [2025-05-26 18:33:54] 날씨 API 호출: 날씨(511바이트) + 대기오염(193바이트) = 총 704바이트
2025-05-26 18:33:54,703 - INFO - 
===== 데이터 사용량 예측 =====
현재까지 측정: 1342.22KB (7회 호출)
시간당: 6.55MB
일간: 157.14MB
월간: 4714.15MB
===========================

2025-05-26 18:35:23,828 - INFO - [2025-05-26 18:35:23] 문화행사API-강남구 호출: 343079바이트 (총 300개 중 강남구 11개 필터링)
2025-05-26 18:35:23,829 - INFO - 
===== 데이터 사용량 예측 =====
현재까지 측정: 1677.26KB (8회 호출)
시간당: 7.28MB
일간: 174.75MB
월간: 5242.55MB
===========================

2025-05-26 18:36:53,769 - INFO - [2025-05-26 18:36:53] 문화행사API-서초구 호출: 343079바이트 (총 300개 중 서초구 44개 필터링)
2025-05-26 18:36:53,770 - INFO - 
===== 데이터 사용량 예측 =====
현재까지 측정: 2012.30KB (9회 호출)
시간당: 7.86MB
일간: 188.70MB
월간: 5661.04MB
===========================

2025-05-26 19:18:13,890 - INFO - [2025-05-26 19:18:13] 날씨 API 호출: 날씨(521바이트) + 대기오염(193바이트) = 총 714바이트
2025-05-26 19:19:42,984 - INFO - [2025-05-26 19:19:42] 문화행사API-강남구 호출: 343079바이트 (총 300개 중 강남구 11개 필터링)
2025-05-26 19:21:12,982 - INFO - [2025-05-26 19:21:12] 문화행사API-서초구 호출: 343079바이트 (총 300개 중 서초구 44개 필터링)
2025-05-26 19:26:58,366 - INFO - [2025-05-26 19:26:58] 날씨 API 호출: 날씨(511바이트) + 대기오염(193바이트) = 총 704바이트
2025-05-26 19:27:06,289 - INFO - [2025-05-26 19:27:06] 문화행사API-강남구 호출: 52677바이트 (총 50개 중 강남구 3개 필터링)
2025-05-26 19:28:06,456 - INFO - [2025-05-26 19:28:06] 문화행사API-서초구 호출: 52677바이트 (총 50개 중 서초구 6개 필터링)
2025-05-28 09:51:39,883 - INFO - [2025-05-28 09:51:39] 날씨 API 호출: 날씨(504바이트) + 대기오염(191바이트) = 총 695바이트
2025-05-28 09:51:43,984 - INFO - [2025-05-28 09:51:43] 문화행사API-강남구 호출: 53807바이트 (총 50개 중 강남구 3개 필터링)
2025-05-28 09:52:44,138 - INFO - [2025-05-28 09:52:44] 문화행사API-서초구 호출: 53807바이트 (총 50개 중 서초구 7개 필터링)
2025-05-28 14:24:52,360 - INFO - [2025-05-28 14:24:52] 날씨 API 호출: 날씨(505바이트) + 대기오염(193바이트) = 총 698바이트
2025-05-28 14:24:56,469 - INFO - [2025-05-28 14:24:56] 문화행사API-강남구 호출: 53807바이트 (총 50개 중 강남구 3개 필터링)
2025-05-28 17:39:28,553 - INFO - [2025-05-28 17:39:28] 날씨 API 호출: 날씨(528바이트) + 대기오염(194바이트) = 총 722바이트
2025-05-28 17:39:32,777 - INFO - [2025-05-28 17:39:32] 문화행사API-강남구 호출: 53807바이트 (총 50개 중 강남구 3개 필터링)
2025-05-28 17:40:20,731 - INFO - [2025-05-28 17:40:20] 날씨 API 호출: 날씨(528바이트) + 대기오염(194바이트) = 총 722바이트
2025-05-28 17:40:24,433 - INFO - [2025-05-28 17:40:24] 문화행사API-강남구 호출: 53807바이트 (총 50개 중 강남구 3개 필터링)
2025-05-28 17:40:32,896 - INFO - [2025-05-28 17:40:32] 문화행사API-서초구 호출: 53807바이트 (총 50개 중 서초구 7개 필터링)
2025-05-28 17:41:24,535 - INFO - [2025-05-28 17:41:24] 문화행사API-서초구 호출: 53807바이트 (총 50개 중 서초구 7개 필터링)
2025-05-28 17:42:48,473 - INFO - [2025-05-28 17:42:48] 날씨 API 호출: 날씨(528바이트) + 대기오염(194바이트) = 총 722바이트
2025-05-28 17:42:52,225 - INFO - [2025-05-28 17:42:52] 문화행사API-강남구 호출: 53807바이트 (총 50개 중 강남구 3개 필터링)
2025-05-28 17:43:52,400 - INFO - [2025-05-28 17:43:52] 문화행사API-서초구 호출: 53807바이트 (총 50개 중 서초구 7개 필터링)
2025-05-28 17:47:08,883 - INFO - [2025-05-28 17:47:08] 날씨 API 호출: 날씨(525바이트) + 대기오염(194바이트) = 총 719바이트
2025-05-28 17:47:12,543 - INFO - [2025-05-28 17:47:12] 문화행사API-강남구 호출: 53807바이트 (총 50개 중 강남구 3개 필터링)
2025-05-28 17:48:12,660 - INFO - [2025-05-28 17:48:12] 문화행사API-서초구 호출: 53807바이트 (총 50개 중 서초구 7개 필터링)
2025-05-28 17:50:46,127 - INFO - [2025-05-28 17:50:46] 날씨 API 호출: 날씨(525바이트) + 대기오염(194바이트) = 총 719바이트
2025-05-28 17:50:49,870 - INFO - [2025-05-28 17:50:49] 문화행사API-강남구 호출: 53807바이트 (총 50개 중 강남구 3개 필터링)
2025-05-28 17:51:25,015 - INFO - [2025-05-28 17:51:25] 날씨 API 호출: 날씨(526바이트) + 대기오염(194바이트) = 총 720바이트
2025-05-28 17:51:28,657 - INFO - [2025-05-28 17:51:28] 문화행사API-강남구 호출: 53807바이트 (총 50개 중 강남구 3개 필터링)
2025-05-28 17:52:28,805 - INFO - [2025-05-28 17:52:28] 문화행사API-서초구 호출: 53807바이트 (총 50개 중 서초구 7개 필터링)
2025-05-28 18:00:38,709 - INFO - [2025-05-28 18:00:38] 날씨 API 호출: 날씨(542바이트) + 대기오염(194바이트) = 총 736바이트
2025-05-28 18:00:42,287 - INFO - [2025-05-28 18:00:42] 문화행사API-강남구 호출: 53807바이트 (총 50개 중 강남구 3개 필터링)
2025-05-28 18:02:11,447 - INFO - [2025-05-28 18:02:11] 날씨 API 호출: 날씨(542바이트) + 대기오염(194바이트) = 총 736바이트
2025-05-28 18:02:15,262 - INFO - [2025-05-28 18:02:15] 문화행사API-강남구 호출: 53807바이트 (총 50개 중 강남구 3개 필터링)
2025-05-28 18:06:24,215 - INFO - [2025-05-28 18:06:24] 날씨 API 호출: 날씨(542바이트) + 대기오염(194바이트) = 총 736바이트
2025-05-28 18:06:28,223 - INFO - [2025-05-28 18:06:28] 문화행사API-강남구 호출: 53807바이트 (총 50개 중 강남구 3개 필터링)
2025-05-28 18:07:06,964 - INFO - [2025-05-28 18:07:06] 날씨 API 호출: 날씨(542바이트) + 대기오염(194바이트) = 총 736바이트
2025-05-28 18:07:11,140 - INFO - [2025-05-28 18:07:11] 문화행사API-강남구 호출: 53807바이트 (총 50개 중 강남구 3개 필터링)
2025-05-28 18:08:11,276 - INFO - [2025-05-28 18:08:11] 문화행사API-서초구 호출: 53807바이트 (총 50개 중 서초구 7개 필터링)
2025-05-28 18:21:18,524 - INFO - [2025-05-28 18:21:18] 날씨 API 호출: 날씨(542바이트) + 대기오염(194바이트) = 총 736바이트
2025-05-28 18:21:22,173 - INFO - [2025-05-28 18:21:22] 문화행사API-강남구 호출: 53807바이트 (총 50개 중 강남구 3개 필터링)
2025-05-29 14:02:36,970 - INFO - [2025-05-29 14:02:36] 날씨 API 호출: 날씨(513바이트) + 대기오염(193바이트) = 총 706바이트
2025-05-29 14:02:40,721 - INFO - [2025-05-29 14:02:40] 문화행사API-강남구 호출: 53866바이트 (총 50개 중 강남구 3개 필터링)
